---
source: crates/html_parser/tests/test.rs
expression: "HtmlParser::new(\"<div><div><h1></h1></div></div>\").parse()"

---
{
  "Element": {
    "name": "fragment",
    "attributes": [],
    "children": [
      {
        "Element": {
          "name": "div",
          "attributes": [],
          "children": [
            {
              "Element": {
                "name": "div",
                "attributes": [],
                "children": [
                  {
                    "Element": {
                      "name": "h1",
                      "attributes": [],
                      "children": []
                    }
                  }
                ]
              }
            }
          ]
        }
      }
    ]
  }
}
