---
source: crates/html_parser/tests/test.rs
expression: "HtmlParser::new(\"<div />\").parse()"

---
{
  "Element": {
    "name": "fragment",
    "attributes": [],
    "children": [
      {
        "Element": {
          "name": "div",
          "attributes": [],
          "children": []
        }
      }
    ]
  }
}
